[    0.000000] Initializing cgroup subsys cpuset
[    0.000000] Initializing cgroup subsys cpu
[  0.000000] Initializing cgroup subsys cpuacct
[  0000000] Linux version 4.4.0-121-generic (buildd@lcy01-amd64-004) (gcc version 5.4.0 20160609 (Ubuntu 5.4.0-6ubuntu1~16.04.9) ) #145-Ubuntu SMP Fri Apr 13 13:47:23 UTC 2018 (Ubuntu 4.4.0-121.145-generic 4.4.117)
[  0.000] Command line: BOOT_IMAGE=/boot/vmlinuz-4.4.0-121-generic root=UUID=09cea002-3bc0-41b2-81b5-2cbf8b138eb7 ro console=tty1 console=ttyS0
[    0.000000] KERNEL supported cpus:
[    0.000000]   Intel GenuineIntel
[    0.000000]   AMD AuthenticAMD
[    0.000000]   Centaur CentaurHauls
[  0.000000] x86/fpu: xstate_offset[2]:  576, xstate_sizes[2]:  256
[  0.0000 x86/fpu: Supporting XSAVE feature 0x01: 'x87 floating point registers'
[    0.000000] x86/fpu: Supporting XSAVE featur 002:'S registers'
[    0.000000] x86/fpu: Supporting XSAVE feature 0x04: 'AVX registers'
[    0.000000] x86/fpu: Enabled xstate features 0x7, context size is 832 bytes, using 'standard' format.
[    0.000000] x86/fpu: Using 'lazy' FPU context switches.
[   0.000000] e820: BIOS-provided physical RAM map:
[    0.000000] BIOS-e820: [mem 0x0000000000000000-0x000000000009fbff] usable
[    0.000000] BIOS-e820: [mem 0x000000000009fc00-0x000000000009ffff] reserved
[    0.000000] BIOS-e820: [mem 0x00000000000f0000-0x00000000000fffff] reserved
[    0.000000] BIOS-e820: [mem 0x0000000000100000-0x000000003ffeffff] usable
[    0.000000] BIOS-e820: [mem 0x000000003fff0000-0x000000003fffffff] ACPI data
[    0.000000] BIOS-e820: [mem 0x00000000fec00000-0x00000000fec00fff] reserved
[    0.000000] BIOS-e820: [mem 0x00000000fee00000-0x00000000fee00fff] reserved
[    0.000000] BIOS-e820: [mem 0x00000000fffc0000-0x00000000ffffffff] reserved
[    0.000000] NX (Execute Disable) protection: active
[    0.000000] SMBIOS 2.5 present.
[    0.000000] Hypervisor detected: KVM
[    0.000000] e820: last_pfn = 0x3fff0 max_arch_fn= 0x400000000
[  0.000000] MTRR: isabled
[    0.00000] x86/PT: MTRRs disabled, skipping PAT initialization too.
[    0.000000] CPU MTRRs all blank - virtualized system.
[    0.000000] x86/PAT: Configuration [0-7]: WB  WT  UC- UC  WB  WT  UC- UC  
[    0.000000] found SMP MP-table at [mem 0x0009fff0-0x0009ffff] mapped at [ffff88000009fff0]
[    0.000000] Scannig 1 aras for low memory corruption
[  0.000000] MDSK:[mem 0x3620c000-0x370fdfff]
[    0.000000] ACPI: Early table checksum verification disabled
[    0.000000] ACPI: RSDP 0x00000000000E0000 000024 (v02 VBOX  )
[  0.000000] ACPI: XSDT 0x000000003FFF0030 00003C (v01 VBOX   VBOXXSDT 00000001 ASL  00000061)
[    0.000000] ACPI: FACP 0x000000003FFF00F0 0000F4 (v04 VBOX   VBOXFACP 00000001 ASL  00000061)
[    0.000000] ACPI: DSDT 0x000000003FFF0470 0021FF (v02 VBOX   VBOXBIOS 00000002 INTL 20100528)
[    0.000000] ACPI: FACS 0x000000003FFF0200 000040
[    0.00000] ACPI: FACS 0x000000003FFF0200 000040
[  0.0000 ACPI: APIC 0x000000003FFF0240 00005C (v02 VBOX   VBOXAPIC 00000001 ASL  00000061)
[    0.000000] ACPI: SSDT 0x000000003FFF02A0 0001CC (v01 VBOX   VBOXCPUT 00000002 INTL 20100528)
[    0.000000] No NUMA configuration found
[    00000] Faking a node at [mem 0x0000000000000000-0x000000003ffeffff]
[   0.00000] NODE_DATA(0) allocated [mem 0x3ffeb000-0x3ffeffff]
[  0000000] kvm-clock: Using msrs 4b564d01 and 4b564d00
[    0.000000] kvm-clock: cpu 0, msr 0:3ffe3001, primary cpu clock
[   .000000] kvm-clock: using sched offset of 3915955230 cycles
[  0000000] clocksource: kvm-clock: mask: 0xffffffffffffffff max_cycles: 0x1cd42e4dffb, max_idl_n 8815591483 ns
[  000000Zone ranges:
[    0.000000]   DM     [me 0x000000001000-0x0000000000ffffff]
[    0.000000]   DMA32    [mem 0x0000000001000000-0x000000003ffeffff]
[    0.000000]   Normal   empty
[    0.000000]   Device   empty
[    0.000000] Movable zone start for each node
[    0.000000] Early memory node ranges
[    0.000000]   node   0: [mem 0x0000000000001000-0x000000000009efff]
[    0.000000]   node   0: [mem 0x0000000000100000-0x000000003ffeffff
    0.000000] Initmem setup node 0 [mem 0x0000000000001000-0x000000003ffeffff]
[    0.000000] ACPI: PM-Timer IO Port: 0x4008
[  0000000] IOAPIC[0]: apic_id 2, version 32, address 0xfec00000, GSI 0-23
[  0000000] ACI:IN_SRC_OVR (bus 0 bus_irq 0 global_irq 2 dfl dfl)
[  0.000000] ACPI: INT_SRC_OVR (bus 0 bus_irq 9 global_irq 9 low level)
[  0000000] Ussing ACPI (MADT) for SMP configuration information
[    0.000000] smpboot: Allowing 2 CPUs, 0 hotplug CPUs
[  0.0000] PM: Registered nosave memory: [mem 0x00000000-0x00000fff]
[  0000000] PM: Registered nosave memory: [mem 0x0009f000-0x0009ffff]
[    0.000000] PM: Registered nosave memory: [mem 0x000a0000-0x000effff]
[    0.000000] PM: Registered nosave memory: [mem 0x000f0000-0x000fffff]
[   00000] e820: [mem 0x40000000-0xfebfffff] available for PCI devices
[    0.000000] Booting paravirtualized kernel on KVM
[    0.000000] clocksource: refined-jiffies: mask: 0xffffffff max_cycles: 0xffffffff, max_idle_ns: 7645519600211568 ns
[    0.000000] setup_percpu: NR_CPUS:512 nr_cpumask_bits:512 nr_cpu_ids:2 nr_node_ids:1
[    0.000000] PERCPU: Embedded 34 pages/cpu @ffff88003fc00000 s99544 r8192 d31528 u1048576
[    0.000000] PV qspinlock hash table entries: 256 (order: 0, 4096 bytes)
[    0.000000] Built 1 zonelists in Node order, mobility grouping on.  Total pages: 257912
[    0.000000] Policy zone: DMA32
[    0.000000] Kernel command line: BOOT_IMAGE=/boot/vmlinuz-4.4.0-121-generic root=UUID=09cea002-3bc0-41b2-81b5-2cbf8b138eb7 ro console=tty1 console=ttyS0
[    0.000000] PID hash table entries: 4096 (order: 3, 32768 bytes)
[    0.000000] Memory: 997220K/1048120K available (8532K kernel code, 1313K rwdata, 3996K rodata, 1508K init, 1316K bss, 50900K reserved, 0K cma-reserved)
[    0.000000] SLUB: HWalign=64, Order=0-3, MinObjects=0, CPUs=2, Nodes=1
[    0.000000] Kernel/User page tables isolation: enabled
[    0.000000] Hierarchical RCU implementation.
[   0.000000] 	Build-time adjustment of leaf fanout to 64.
[  0000000] 	RCU restricting CPUs from NR_CPUS=512 to nr_cpu_ids=2.
[    0.000000] RCU: Adjusting geometry for rcu_fanout_leaf=64, nr_cpu_ids=2
[  0.000000] NR_IRQS:33024 nr_irqs:440 16
[  0000000] Console: colour VGA+ 80x25
[    0.000000] console [tty1] enabled
[    0.000000] console [ttyS0] enabled
[    0.000000] tsc: Detected 2294.770 MHz processor
[    2.942282] Calibrating delay loop (skipped) preset value.. 4589.54 BogoMIPS (lpj=9179080)
[    2.94566] pid_max: default: 32768 minimum: 301
[    2.971906] ACPI: Core revision 20150930
[    2.979911] ACPI: 2 ACPI AML tables successfully acquired and loaded
[    2.995378] Security Framework initialized
[    2.997835] Yama: becoming mindful.
[    2.999007] AppArmor: AppArmor initialized
[    3.011915] Dentry cache hash table entries: 131072 (order: 8, 1048576 bytes)
[    3.029097] Inode-cache hash table entries: 65536 (order: 7, 524288 bytes)
[    3.037906] Mount-cache hash table entries: 2048 (order: 2, 16384 bytes)
[    3.060818] Mountpoint-cache hash table entries: 2048 (order: 2, 16384 bytes)
[    3.137188] Initializing cgroup subsys io
[    3.156719] Initializing cgroup subsys memory
[    3.161918] Initializing cgroup subsys devices
[    3.163669] Initializing cgroup subsys freezer
[    3.165381] Initializing cgroup subsys net_cls
[    3.166923] Initializing cgroup subsys perf_event
[    3.168542] Initializing cgroup subsys net_prio
[    3.186795] Initializing cgroup subsys hugetlb
[    3.209147] Initializing cgroup subsys pids
[    3.210879] CPU: Physical Processor ID: 0
[    3.212516] CPU: Processor Core ID: 0
[    3.213988] FEATURE SPEC_CTRL Not Present
[    3.215956] mce: CPU supports 0 MCE banks
[    3.234375] Last level iTLB entries: 4KB 512, 2MB 8, 4MB 8
[    3.237437] Last level dTLB entries: 4KB 512, 2MB 32, 4MB 32, 1GB 0
[    3.250766] Spectre V2 mitigation: Mitigation: Full generic retpoline
[    3.253400] Spectre V2 mitigation: Speculation control IBPB not-supported IBRS not-supported
[    3.260523] Freeing SMP alternatives memory: 32K
[    3.300473] ftrace: allocating 32202 entries in 126 pages
[    3.391540] smpboot: APIC(0) Converting physical 0 to logical package 0
[    3.426155] smpboot: Max logical packages: 1
[    3.427936] x2apic enabled
[    3.446528] Switched APIC routing to physical x2apic.
[    3.449791] ..TIMER: vector=0x30 apic1=0 pin1=2 apic2=-1 pin2=-1
[    3.561203] smpboot: CPU0: Intel(R) Core(TM) i5-3427U CPU @ 1.80GHz (family: 0x6, model: 0x3a, stepping: 0x9)
[    3.573229] Performance Events: unsupported p6 CPU model 58 no PMU driver, software events only.
[    3.600311] KVM setup paravirtual spinlock
[    3.602965] x86: Booting SMP configuration:
[    3.617025] .... node  #0, CPUs:      #1
[    3.640184] kvm-clock: cpu 1, msr 0:3ffe3041, secondary cpu clock
[    3.696159] mce: CPU supports 0 MCE banks
[    3.712378] x86: Booted up 1 node, 2 CPUs
[    3.737758] smpboot: Total of 2 processors activated (9179.08 BogoMIPS)
[    3.751932] devtmpfs: initialized
[    3.764859] evm: security.selinux
[    3.771697] evm: security.SMACK64
[    3.774247] evm: security.SMACK64EXEC
[    3.776880] evm: security.SMACK64TRANSMUTE
[    3.796642] evm: security.SMACK64MMAP
[    3.818557] evm: security.ima
[    3.825113] evm: security.capability
[    3.838795] clocksource: jiffies: mask: 0xffffffff max_cycles: 0xffffffff, max_idle_ns: 7645041785100000 ns
[    3.843464] futex hash table entries: 512 (order: 3, 32768 bytes)
[    3.851536] pinctrl core: initialized pinctrl subsystem
[    3.853318] RTC time: 22:47:21, date: 05/16/18
[    3.862191] NET: Registered protocol family 16
[    3.881887] cpuidle: using governor ladder
[    3.898527] cpuidle: using governor menu
[    3.904150] PCCT header not found.
[    3.905447] ACPI: bus type PCI registered
[    3.912134] acpiphp: ACPI Hot Plug PCI Controller Driver version: 0.5
[    3.919531] PCI: Using configuration type 1 for base access
[    3.939426] ACPI: Added _OSI(Module Device)
[    3.942965] ACPI: Added _OSI(Processor Device)
[    3.944371] ACPI: Added _OSI(3.0 _SCP Extensions)
[    3.955106] ACPI: Added _OSI(Processor Aggregator Device)
[    3.963415] ACPI: Executed 1 blocks of module-level executable AML code
[    3.980975] ACPI: Interpreter enabled
[    3.991591] ACPI: (supports S0 S5)
[    4.001710] ACPI: Using IOAPIC for interrupt routing
[    4.009140] PCI: Using host bridge windows from ACPI; if necessary, use "pci=nocrs" and report a bug
[    4.025527] ACPI: PCI Root Bridge [PCI0] (domain 0000 [bus 00-ff])
[    4.032784] acpi PNP0A03:00: _OSC: OS supports [ASPM ClockPM Segments MSI]
[    4.036042] acpi PNP0A03:00: _OSC: not requesting OS control; OS requires [ExtendedConfig ASPM ClockPM MSI]
[    4.045868] acpi PNP0A03:00: fail to add MMCONFIG information, can't access extended PCI configuration space under this bridge.
[    4.055236] PCI host bridge to bus 0000:00
[    4.066503] pci_bus 0000:00: root bus resource [io  0x0000-0x0cf7 window]
[    4.087105] pci_bus 0000:00: root bus resource [io  0x0d00-0xffff window]
[    4.094587] pci_bus 0000:00: root bus resource [mem 0x000a0000-0x000bffff window]
[    4.102417] pci_bus 0000:00: root bus resource [mem 0x40000000-0xfdffffff window]
[    4.110350] pci_bus 0000:00: root bus resource [bus 00-ff]
[    4.120161] pci 0000:00:01.1: legacy IDE quirk: reg 0x10: [io  0x01f0-0x01f7]
[    4.135854] pci 0000:00:01.1: legacy IDE quirk: reg 0x14: [io  0x03f6]
[    4.137867] pci 0000:00:01.1: legacy IDE quirk: reg 0x18: [io  0x0170-0x0177]
[    4.158483] pci 0000:00:01.1: legacy IDE quirk: reg 0x1c: [io  0x0376]
[    4.197040] pci 0000:00:07.0: quirk: [io  0x4000-0x403f] claimed by PIIX4 ACPI
[    4.232863] pci 0000:00:07.0: quirk: [io  0x4100-0x410f] claimed by PIIX4 SMB
[    4.297777] ACPI: PCI Interrupt Link [LNKA] (IRQs 5 9 10 *11)
[    4.313795] ACPI: PCI Interrupt Link [LNKB] (IRQs 5 9 *10 11)
[    4.333485] ACPI: PCI Interrupt Link [LNKC] (IRQs 5 *9 10 11)
[    4.357480] ACPI: PCI Interrupt Link [LNKD] (IRQs 5 9 10 *11)
[    4.361494] ACPI: Enabled 2 GPEs in block 00 to 07
[    4.363887] vgaarb: setting as boot device: PCI:0000:00:02.0
[    4.388635] vgaarb: device added: PCI:0000:00:02.0,decodes=io+mem,owns=io+mem,locks=none
[    4.399900] vgaarb: loaded
[    4.401158] vgaarb: bridge control possible 0000:00:02.0
[    4.404772] SCSI subsystem initialized
[    4.406340] ACPI: bus type USB registered
[    4.410954] usbcore: registered new interface driver usbfs
[    4.432793] usbcore: registered new interface driver hub
[    4.440098] usbcore: registered new device driver usb
[    4.444085] PCI: Using ACPI for IRQ routing
[    4.448397] NetLabel: Initializing
[    4.449853] NetLabel:  domain hash size = 128
[    4.451566] NetLabel:  protocols = UNLABELED CIPSOv4
[    4.453435] NetLabel:  unlabeled traffic allowed by default
[    4.462340] amd_nb: Cannot enumerate AMD northbridges
[    4.474939] clocksource: Switched to clocksource kvm-clock
[    4832Aprm: pAorilysm nabled
[  5803]npPnP ACPI ini
[   4113]pn: nPCP fnd dic
[    5.988112] clocksource: acpi_pm: mask: 0xffffff max_cycles: 0xffffff, max_idle_ns: 2085701024 ns
[    6.008118] NET: Registered protocol family 2
[    6.066631] TCP established hash table entries: 8192 (order: 4, 65536 bytes)
[    6.077333] TCP bind hash table entries: 8192 (order: 5, 131072 bytes)
[    6.118031] TCP: Hash tables configured (established 8192 bind 8192)
[    6.133189] UDP hash table entries: 512 (order: 2, 16384 bytes)
[    6.167904] UDP-Lite hash table entries: 512 (order: 2, 16384 bytes)
[    6.200487] NET: Registered protocol family 1
[    6.202194] pci 0000:00:00.0: Limiting direct PCI/PCI transfers
[    6.204446] pci 0000:00:01.0: Activating ISA DMA hang workarounds
[    6.217608] Unpacking initramfs...
[    6.604132] Freeing initrd memory: 15304K
[    6.616842] RAPL PMU detected, API unit is 2^-32 Joules, 3 fixed counters 10737418240 ms ovfl timer
[    6.639781] hw unit of domain pp0-core 2^-0 Joules
[    6.641628] hw unit of domain package 2^-0 Joules
[    6.643449] hw unit of domain pp1-gpu 2^-0 Joules
[    6.708579] platform rtc_cmos: registered platform RTC device (no PNP device found)
[    6.712967] Scanning for low memory corruption every 60 seconds
[    6.715992] audit: initializing netlink subsys (disabled)
[    6.726074] audit: type=2000 audit(1526510846.103:1): initialized
[    6.730409] Initialise system trusted keyring
[    6.750209] HugeTLB registered 2 MB page size, pre-allocated 0 pages
[    6.771980] zbud: loaded
[    6.804397] VFS: Disk quotas dquot_6.6.0
[    6.813097] VFS: Dquot-cache hash table entries: 512 (order 0, 4096 bytes)
[    6.838176] squashfs: version 4.0 (2009/01/31) Phillip Lougher
[    6.850410] fuse init (API version 7.23)
[    6.876304] Key type big_key registered
[    6.877884] Allocating IMA MOK and blacklist keyrings.
[    6.890883] Key type asymmetric registered
[    6.929881] Asymmetric key parser 'x509' registered
[    6.937840] Block layer SCSI generic (bsg) driver version 0.4 loaded (major 249)
[    6.949444] io scheduler noop registered
[    6.950746] io scheduler deadline registered (default)
[    6.952569] io scheduler cfq registered
[    6.970738] pci_hotplug: PCI Hot Plug PCI Core version: 0.5
[    6.977783] pciehp: PCI Express Hot Plug Controller Driver version: 0.4
[    6.996624] ACPI: AC Adapter [AC] (off-line)
[    6.998109] input: Power Button as /devices/LNXSYSTM:00/LNXPWRBN:00/input/input0
[    7.017137] ACPI: Power Button [PWRF]
[    7.028059] input: Sleep Button as /devices/LNXSYSTM:00/LNXSLPBN:00/input/input1
[    7.064717] ACPI: Sleep Button [SLPF]
[    7.072931] GHES: HEST is not enabled!
[    7.074403] ACPI: Battery Slot [BAT0] (battery present)
[    7.087537] Serial: 8250/16550 driver, 32 ports, IRQ sharing enabled
[    7.121625] 00:02: ttyS0 at I/O 0x3f8 (irq = 4, base_baud = 115200) is a 16550A
[    7.154647] Linux agpgart interface v0.103
[    7.171554] loop: module loaded
[    7.177803] scsi host0: ata_piix
[    7.180504] scsi host1: ata_piix
[    7.181695] ata1: PATA max UDMA/33 cmd 0x1f0 ctl 0x3f6 bmdma 0xd000 irq 14
[    7.184838] ata2: PATA max UDMA/33 cmd 0x170 ctl 0x376 bmdma 0xd008 irq 15
[    7.227910] libphy: Fixed MDIO Bus: probed
[    7.237261] tun: Universal TUN/TAP device driver, 1.6
[    7.271357] tun: (C) 1999-2004 Max Krasnyansky <maxk@qualcomm.com>
[    7.273290] PPP generic driver version 2.4.2
[    7.284299] ehci_hcd: USB 2.0 'Enhanced' Host Controller (EHCI) Driver
[    7.286252] ehci-pci: EHCI PCI platform driver
[    7.297284] ehci-platform: EHCI generic platform driver
[    7.307451] ohci_hcd: USB 1.1 'Open' Host Controller (OHCI) Driver
[    7.309287] ohci-pci: OHCI PCI platform driver
[    7.327230] ohci-platform: OHCI generic platform driver
[    7.328839] uhci_hcd: USB Universal Host Controller Interface driver
[    7.347581] i8042: PNP: PS/2 Controller [PNP0303:PS2K,PNP0f03:PS2M] at 0x60,0x64 irq 1,12
[    7.359010] serio: i8042 KBD port at 0x60,0x64 irq 1
[    7.360612] serio: i8042 AUX port at 0x60,0x64 irq 12
[    7.387873] mousedev: PS/2 mouse device common for all mice
[    7.397691] rtc_cmos rtc_cmos: rtc core: registered rtc_cmos as rtc0
[    7.408408] rtc_cmos rtc_cmos: alarms up to one day, 114 bytes nvram
[    7.410303] input: AT Translated Set 2 keyboard as /devices/platform/i8042/serio0/input/input2
[    7.493576] i2c /dev entries driver
[    7.508386] device-mapper: uevent: version 1.0.3
[    7.538343] device-mapper: ioctl: 4.34.0-ioctl (2015-10-28) initialised: dm-devel@redhat.com
[    7.552978] ledtrig-cpu: registered to indicate activity on CPUs
[    7.558233] NET: Registered protocol family 10
[    .55795] NET: Registered protocol family 17
[    7.663648] Key type dns_resolver registered
[    7.678224] registered taskstats version 1
[    7.707143] tsc: Refined TSC clocksource calibration: 2294.401 MHz
[    7.707147] clocksource: tsc: mask: 0xffffffffffffffff max_cycles: 0x21128c200be, max_idle_ns: 440795277791 ns
[    7.739168] Loading compiled-in X.509 certificates
[    7.753295] Loaded X.509 cert 'Build time autogenerated kernel key: 1980cda84f1f26b64be4db6155d00e7fd6d05190'
[    7.758894] zswap: loaded using pool lzo/zbud
[    7.763116] Key type trusted registered
[    7.770329] Key type encrypted registered
[    7.772644] AppArmor: AppArmor sha1 policy hashing enabled
[    7.784197] ima: No TPM chip found, activating TPM-bypass!
[    7.792707] evm: HMAC attrs: 0x1
[    7.804899]   Magic number: 2:766:805
[    7.807583] rtc_cmos rtc_cmos: setting system clock to 2018-05-16 22:47:25 UTC (1526510845)
[    7.810396] BIOS EDD facility v0.16 2004-Jun-25, 0 devices found
[    7.818044] EDD information not available.
[    7.826291] Freeing unused kernel memory: 1508K
[    7.833522] Write protecting the kernel read-only data: 14336k
[    7.841821] Freeing unused kernel memory: 1696K
[    7.852880] Freeing unused kernel memory: 100K
Loading, please wait...
starting version 229
[    7.875783] random: systemd-udevd: uninitialized urandom read (16 bytes read, 3 bits of entropy available)
[    7.879516] random: udevadm: uninitialized urandom read (16 bytes read, 3 bits of entropy available)
[    7.879746] random: udevadm: uninitialized urandom read (16 bytes read, 3 bits of entropy available)
[    7.894199] random: udevadm: uninitialized urandom read (16 bytes read, 3 bits of entropy available)
[    7.894255] random: udevadm: uninitialized urandom read (16 bytes read, 3 bits of entropy available)
[    7.894441] random: udevadm: uninitialized urandom read (16 bytes read, 3 bits of entropy available)
[    7.894513] random: udevadm: uninitialized urandom read (16 bytes read, 3 bits of entropy available)
[    7.894581] random: udevadm: uninitialized urandom read (16 bytes read, 3 bits of entropy available)
[    7.894651] random: udevadm: uninitialized urandom read (16 bytes read, 3 bits of entropy available)
[    7.894721] random: udevadm: uninitialized urandom read (16 bytes read, 3 bits of entropy available)
[    8.020518] Fusion MPT base driver 3.04.20
[    8.087380] Copyright (c) 1999-2008 LSI Corporation
[    8.097006] e1000: Intel(R) PRO/1000 Network Driver - version 7.3.21-k8-NAPI
[    8.120093] e1000: Copyright (c) 1999-2006 Intel Corporation.
[    8.146890] Fusion MPT SPI Host driver 3.04.20
[    8.151658] AVX version of gcm_enc/dec engaged.
[    8.165597] AES CTR mode by8 optimization enabled
[    8.289253] input: ImExPS/2 Generic Explorer Mouse as /devices/platform/i8042/serio1/input/input4
[    8.556920] e1000 0000:00:03.0 eth0: (PCI:33MHz:32-bit) 02:93:06:1c:a6:4f
[    8.587196] e1000 0000:00:03.0 eth0: Intel(R) PRO/1000 Network Connection
[    8.592379] e1000 0000:00:03.0 enp0s3: renamed from eth0
[    8.601275] mptbase: ioc0: Initiating bringup
[    8.736040] ioc0: LSI53C1030 A0: Capabilities={Initiator}
[    9.767622] scsi host2: ioc0: LSI53C1030 A0, FwRev=00000000h, Ports=1, MaxQ=256, IRQ=20
[   10.738094] scsi 2:0:0:0: Direct-Access     VBOX     HARDDISK         1.0  PQ: 0 ANSI: 5
[   11.659394] scsi target2:0:0: Beginning Domain Validation
[   11.670277] scsi target2:0:0: Domain Validation skipping write tests
[   11.673262] scsi target2:0:0: Ending Domain Validation
[   11.710832] scsi target2:0:0: asynchronous
[   11.730417] scsi 2:0:1:0: Direct-Access     VBOX     HARDDISK         1.0  PQ: 0 ANSI: 5
[   12.659230] scsi target2:0:1: Beginning Domain Validation
[   12.663821] scsi target2:0:1: Domain Validation skipping write tests
[   12.677252] scsi target2:0:1: Ending Domain Validation
[   12.684600] scsi target2:0:1: asynchronous
[   12.706438] sd 2:0:0:0: [sda] 20971520 512-byte logical blocks: (10.7 GB/10.0 GiB)
[   12.715051] sd 2:0:0:0: Attached scsi generic sg0 type 0
[   12.722506] sd 2:0:0:0: [sda] Write Protect is off
[   12.730208] sd 2:0:1:0: [sdb] 20480 512-byte logical blocks: (10.5 MB/10.0 MiB)
[   12.730252] sd 2:0:0:0: [sda] Incomplete mode parameter data
[   12.730254] sd 2:0:0:0: [sda] Assuming drive cache: write through
[   12.731743]  sda: sda1
[   12.732551] sd 2:0:0:0: [sda] Attached SCSI disk
[   12.735458] sd 2:0:1:0: Attached scsi generic sg1 type 0
[   12.909597] sd 2:0:1:0: [sdb] Write Protect is off
[   12.967563] sd 2:0:1:0: [sdb] Incomplete mode parameter data
[   12.977405] sd 2:0:1:0: [sdb] Assuming drive cache: write through
[   12.994457] sd 2:0:1:0: [sdb] Attached SCSI disk
Begin: Loading e[   14.439846] md: linear personality registered for level -1
ssential drivers[   14.449052] md: multipath personality registered for level -4
 ... [   14.456811] md: raid0 personality registered for level 0
[   14.469692] md: raid1 personality registered for level 1
[   14.555313] raid6: sse2x1   gen()  3761 MB/s
[   14.675167] raid6: sse2x1   xor()  5748 MB/s
[   14.743330] raid6: sse2x2   gen()  8654 MB/s
[   14.831159] raid6: sse2x2   xor()  6189 MB/s
[   14.899074] raid6: sse2x4   gen()  9933 MB/s
[   14.967177] raid6: sse2x4   xor()  7762 MB/s
[   14.969078] raid6: using algorithm sse2x4 gen() 9933 MB/s
[   14.976392] raid6: .... xor() 7762 MB/s, rmw enabled
[   14.983407] raid6: using ssse3x2 recovery algorithm
[   14.992313] xor: automatically using best checksumming function:
[   15.090293]    avx       : 16859.000 MB/sec
[   15.129543] async_tx: api initialized (async)
[   15.140131] md: raid6 personality registered for level 6
[   15.161715] md: raid5 personality registered for level 5
[   15.167186] md: raid4 personality registered for level 4
[   15.178417] md: raid10 personality registered for level 10
done.
Begin: Running /scripts/init-premount ... done.
Begin: Mounting root file system ... Begin: Running /scripts/local-top ... done.
Begin: Running /scripts/local-premount ... [   15.222263] Btrfs loaded
Scanning for Btrfs filesystems
done.
Warning: fsck no[   15.263973] EXT4-fs (sda1): INFO: recovery required on readonly filesystem
t present, so skipping root file[   15.276380] EXT4-fs (sda1): write access will be enabled during recovery
 system
[   15.334721] EXT4-fs (sda1): orphan cleanup on readonly fs
[   15.360549] EXT4-fs (sda1): 5 orphan inodes deleted
[   15.387154] EXT4-fs (sda1): recovery complete
[   15.389672] EXT4-fs (sda1): mounted filesystem with ordered data mode. Opts: (null)
done.
Begin: Running /scripts/local-bottom ... done.
Begin: Running /scripts/init-bottom ... done.
[   15.574163] systemd[1]: ysemd 229 running in system mode. (+PAM +AUDIT +SELINUX +IMA +APPARMOR +SMACK +SYSVINIT +UTMP +LIBCRYPTSETUP +GCRYPT +GNUTLS +ACL +XZ -LZ4 +SECCOMP +BLKID +ELFUTILS +KMOD -IDN)
[   15.725141] systemd[1]: Detected virtualization oracle.
[   15.755228] systemd[1]: Detected architecture x86-64.

Welcome to [1mUbuntu 16.04.3 LTS[0m!

[   15.784599] systemd[1]: Set hostname to <ubuntu-xenial>.
[ 16.014018] systemd[1]: Listening on LVM2 poll daemon socket.
[[0;32m  OK  [0m] Listening on LVM2 poll daemon socket.
[   16.116] std[: acd rg Sp.

[[0;32m  OK  [0m] Reached target Swap.
[   16.659551] systemd[1]: Started Forward Password Requests to Wall Directory Watch.
[[0;32m  OK  [0m] Started Forward Password Requests to Wall Directory Watch.
[   16.678211] systemd[1]: Listening on LVM2 metadata daemon socket.
[[0;32m  OK  [0m] Listening on LVM2 metadata daemon socket.
[   16.691803] systemd[1]: Listening on Journal Audit Socket.
[[0;32m  OK  [0m] Listening on Journal Audit Socket.
[   17216syemd[]: Setp tounArtry ecutable File Formats File System Automount Point.

[[0;32m  OK  [0m] Set up automount Arbitrary Executab...ats File System Automount Point.
[   1.501] systemd[1]: Listening on Device-mapper event daemon FIFOs.
[[0;32m  OK  [0m] Listening on Device-mapper event daemon FIFOs.
[   17.687204] systemd[1]: Listening on Syslog Socket.
[[0;32m  OK  [0m] Listening on Syslog Socket.
[   17.728870] systemd[1]: Listening on /dev/initctl Compatibility Named Pipe.
[[0;32m  OK  [0m] Listening on /dev/initctl Compatibility Named Pipe.
[   8.81] std[: sting on udev Kernel Socket.

[[0;32m  OK  [0m] Listening on udev Kernel Socket.
[  15145] systemd[1]: Listening on Journal Socket (/dev/log).
[[0;32m  OK  [0m] Listening on Journal Socket (/dev/log).
[  18.669752] systemd[1]: Listening on udev Control Socket.
[[0;32m  OK  [0m] Listening on udev Control Socket.
[ 18436]ysmd1]: Started Trigger resolvconf update for networkd DNS.
[[0;32m  OK  [0m] Started Trigger resolvconf update for networkd DNS.
[  19.077181] systemd[1]: Created slce ser and Session Slice.
[[0;32m  OK  [0m] Created slice User and Session Slice.
[  12261syemd1]Rehe target User and Group Name Lookups.
[[0;32m  OK  [0m] Reached target User and Group Name Lookups.
[   19.678937] systemd[1]: Listening on Journal Socket.
[[0;32m  OK  [0m] Listening on Journal Socket.
[   19.684566] systemd[1]: Created slice System Slice.
[[0;32m  OK  [0m] Created slice System Slice.
[   19.727630] systemd[1]: Mounting Debug File System...
         Mounting Debug File System...
[   19.756500] systemd[1]: Created slice system-postgresql.slice.
[[0;32m  OK  [0m] Created slice system-postgresql.slice.
[ 19876]ysmd[1]: Created slice system-serial\x2dgetty.slice.
[[0;32m  OK  [0m] Created slice system-serial\x2dgetty.slice.
[   20.115776] systemd[1]: Starting Load Kernel Modules...
         Starting Load Kernel Modules...
[   20.130382] systemd[1]: Starting Monitoring of LVM2 mirrors, snapshots etc. using dmeventd or progress polling...
         Starting Monitoring of LVM2 mirr[   20.143342] Loading iSCSI transport class v2.0-870.
ors... dmeventd or progress polling...
[   20.160364] iscsi: registered transport (tcp)
[   20.188099] random: nonblocking pool is initialized
[   20.247321] systemd[1]: Starting Set console keymap...
         Starting Set console keymap...
[   20.355859] systemd[1]: Starting Remount Root and Kernel File Systems...
         Starting Remount Root a[   20.424153] iscsi: registered transport (iser)
nd Kernel File S[   20.437085] EXT4-fs (sda1): re-mounted. Opts: (null)
ystems...
[   20.456393] systemd[1]: Mounting Huge Pages File System...
         Mounting Huge Pages File System...
[   20.471341] systemd[1]: Mounting POSIX Message Queue File System...
         Mounting POSIX Message Queue File System...
[   20.516530] systemd[1]: Starting Uncomplicated firewall...
         Starting Uncomplicated firewall...
[   20.573039] systemd[1]: Starting Nameserver information manager...
         Starting Nameserver information manager...
[   20.667360] systemd[1]: Starting Create list of required static device nodes for the current kernel...
         Starting Create list of required st... nodes for the current kernel...
[   20.706269] systemd[1]: Reached target Slices.
[[0;32m  OK  [0m] Reached target Slices.
[   20.739869] systemd[1]: Starting Journal Service...
         Starting Journal Service...
[   20.762619] systemd[1]: Reached target Encrypted Volumes.
[[0;32m  OK  [0m] Reached target Encrypted Volumes.
[   20.792582] systemd[1]: Mounted Huge Pages File System.
[[0;32m  OK  [0m] Mounted Huge Pages File System.
[ 20437]ystem[1]: Mounted Debug File System.

[[0;32m  OK  [0m] Mounted Debug File System.
[ 21260]systemd[1]: Mounted POSIX Message Queue File System.
[[0;32m  OK  [0m] Mounted POSIX Message Queue File System.
[   21.344943] systemd[1]: Started Journal Service.
[[0;32m  OK  [0m] Started Journal Service.
[[0;32m  OK  [0m] Started Load Kernel Modules.
[[0;32m  OK  [0m] Started Set console keymap.
[[0;32m  OK  [0m] Started Remount Root and Kernel File Systems.
[[0;32m  OK  [0m] Started Uncomplicated firewall.
[[0;32m  OK  [0m] Started Create list of required sta...ce nodes for the current kernel.
[[0;32m  OK  [0m] Started Nameserver information manager.
[[0;32m  OK  [0m] Started LVM2 metadata daemon.
         Starting Create Static Device Nodes in /dev...
         Starting Load/Save Random Seed...
         Starting udev Coldplug all Devices...
         Starting Initial cloud-init job (pre-networking)...
         Mounting FUSE Control File System...
         Starting Apply Kernel Variables...
         Starting Flush Journal to Persistent Storage...
[[0;32m  OK  [0m] Mounted FUSE Control File System.
[[0;32m  OK  [0m] Started Create Static Device Nodes in /dev.
[[0;32m  OK  [0m] Started Load/Save Random Seed.
[[0;32m  OK  [0m] Started Apply Kernel Variables.
[[0;32m  OK  [0m] Started Flush Journal to Persistent Storage.
         Starting udev Kernel Device Manager...
[[0;32m  OK  [0m] Started udev Coldplug all Devices.
[[0;32m  OK  [0m] Started udev Kernel Device Manager.
[[0;32m  OK  [0m] Started Dispatch Password Requests to Console Directory Watch.
[[0;32m  OK  [0m] Started Monitoring of LVM2 mirrors,...ng dmeventd or progress polling.
[[0;32m  OK  [0m] Found device /dev/ttyS0.
[[0;32m  OK  [0m] Reached target Local File Systems (Pre).
[[0;32m  OK  [0m] Reached target Local File Systems.
         Starting Set console font and keymap...
         Starting Tell Plymouth To Write Out Runtime Data...
         Starting LSB: AppArmor initialization...
[   19.318462] cloud-init[455]: Cloud-init v. 17.1 running 'init-local' at Wed, 16 May 2018 22:47:40 +0000. Up 18.93 seconds.
         Starting Create Volatile Files and Directories...
[[0;32m  OK  [0m] Started Tell Plymouth To Write Out Runtime Data.
[[0;32m  OK  [0m] Started Create Volatile Files and Directories.
[[0;32m  OK  [0m] Started Initial cloud-init job (pre-networking).
[[0;32m  OK  [0m] Listening on Load/Save RF Kill Switch Status /dev/rfkill Watch.
[[0;32m  OK  [0m] Reached target Network (Pre).
         Starting Update UTMP about System Boot/Shutdown...
[[0;32m  OK  [0m] Reached target System Time Synchronized.
[[0;32m  OK  [0m] Started Set console font and keymap.
[[0;32m  OK  [0m] Started Update UTMP about System Boot/Shutdown.
[[0;32m  OK  [0m] Created slice system-getty.slice.
[[0;32m  OK  [0m] Started LSB: AppArmor initialization.
[[0;32m  OK  [0m] Started ifup for enp0s3.
         Starting Raise network interfaces...
[[0;32m  OK  [0m] Started Raise network interfaces.
[[0;32m  OK  [0m] Reached target Network.
         Starting Initial cloud-init job (metadata service crawler)...
[   21.179155] cloud-init[959]: Cloud-init v. 17.1 running 'init' at Wed, 16 May 2018 22:47:42 +0000. Up 20.71 seconds.
[   21.276786] [cloud-init[0;32m  OK  [0m[959]: ] ci-info: +++++++++++++++++++++++++++++++++++++Net device info+++++++++++++++++++++++++++++++++++++Started Initial cloud-init job (metadata service crawler).

[   21.277477] cloud-init[959]: ci-info: +--------+------+---------------------------+---------------+-------+-------------------+
[[0;32m  OK  [0m] Reached target Network is Online.
[   21.335990] cloud-init[959]: ci-info: | Device |  Up  |          Address          |      Mask     | Scope |     Hw-Address    |
[   21.405689] cloud-init[959]: ci-info: +--------+------+---------------------------+---------------+-------+-------------------+
         Starting iSCSI initiator daemon (iscsid)...
[[0;32m  OK  [0m] Reached target System Initialization.
[[0;32m  OK  [0m] Listening on D-Bus System Message Bus Socket.
[   21.423497] cloud-init[959]: ci-info: | enp0s3 | True |         10.0.2.15         | 255.255.255.0 |   .   | 02:93:06:1c:a6:4f |
[   21.480796] cloud-init[959]: ci-info: | enp0s3 | True | fe80::93:6ff:fe1c:a64f/64 |       .       |  link | 02:93:06:1c:a6:4f |
         [   21.516219] cloud-init[959]: ci-info: |   lo   | True |         127.0.0.1         |   255.0.0.0   |   .   |         .         |
[   21.516378] cloud-init[959]: ci-info: |   lo   | True |          ::1/128          |       .       |  host |         .         |
[   21.516443] cloud-init[959]: ci-info: +--------+------+---------------------------+---------------+-------+-------------------+
[   21.516495] cloud-init[959]: ci-info: +++++++++++++++++++++++++++Route IPv4 info++++++++++++++++++++++++++++
[   21.516546] cloud-init[959]: ci-info: +-------+-------------+----------+---------------+-----------+-------+
[   21.516598] cloud-init[959]: ci-info: | Route | Destination | Gateway  |    Genmask    | Interface | Flags |
[   21.516648] cloud-init[959]: ci-info: +-------+-------------+----------+---------------+-----------+-------+
[   21.516700] cloud-init[959]: ci-info: |   0   |   0.0.0.0   | 10.0.2.2 |    0.0.0.0    |   enp0s3  |   UG  |
[   21.516751] cloud-init[959]: ci-info: |   1   |   10.0.2.0  | 0.0.0.0  | 255.255.255.0 |   enp0s3  |   U   |
[   21.516802] cloud-init[959]: ci-info: +-------+-------------+----------+---------------+-----------+-------+
Starting LXD - unix socket.
[[0;32m  OK  [0m] Listening on ACPID Listen Socket.
[[0;32m  OK  [0m] Started Daily apt download activities.
[[0;32m  OK  [0m] Started Daily apt upgrade and clean activities.
[[0;32m  OK  [0m] Started ACPI Events Check.
[[0;32m  OK  [0m] Reached target Paths.
         Starting Socket activation for snappy daemon.
[[0;32m  OK  [0m] Listening on UUID daemon activation socket.
[[0;32m  OK  [0m] Started Timer to automatically refresh installed snaps.
[[0;32m  OK  [0m] Started Daily Cleanup of Temporary Directories.
[[0;32m  OK  [0m] Reached target Timers.
[[0;32m  OK  [0m] Reached target Cloud-config availability.
[[0;32m  OK  [0m] Listening on LXD - unix socket.
[[0;32m  OK  [0m] Listening on Socket activation for snappy daemon.
[[0;32m  OK  [0m] Started iSCSI initiator daemon (iscsid).
         Starting Login to default iSCSI targets...
[[0;32m  OK  [0m] Reached target Sockets.
[[0;32m  OK  [0m] Reached target Basic System.
[[0;32m  OK  [0m] Started Unattended Upgrades Shutdown.
[[0;32m  OK  [0m] Started Deferred execution scheduler.
[[0;32m  OK  [0m] Started Regular background program processing daemon.
         Starting Accounts Service...
         Starting Apply the settings specified in cloud-config...
         Starting /etc/rc.local Compatibility...
         Starting LXD - container startup/shutdown...
         Starting PostgreSQL Cluster 9.5-main...
[[0;32m  OK  [0m] Started D-Bus System Message Bus.
         Starting LSB: Record successful boot for GRUB...
         Starting OpenBSD Secure Shell server...
[[0;32m  OK  [0m] Started FUSE filesystem for LXC.
         Starting Login Service...
[[0;32m  OK  [0m] Started ACPI event daemon.
         Starting System Logging Service...
         Starting MySQL Community Server...
         Starting Snappy daemon...
         Starting LSB: MD monitoring daemon...
[[0;32m  OK  [0m] Started OpenBSD Secure Shell server.
[[0;32m  OK  [0m] Started System Logging Service.
[[0;32m  OK  [0m] Started /etc/rc.local Compatibility.
[[0;32m  OK  [0m] Started LXD - container startup/shutdown.
[[0;32m  OK  [0m] Started Snappy daemon.
[[0;32m  OK  [0m] Started Login to default iSCSI targets.
[[0;32m  OK  [0m] Started LSB: Record successful boot for GRUB.
[[0;32m  OK  [0m] Started LSB: MD monitoring daemon.
         Starting Authenticate and Authorize Users to Run Privileged Tasks...
[[0;32m  OK  [0m] Reached target Remote File Systems (Pre).
[[0;32m  OK  [0m] Reached target Remote File Systems.
         Starting LSB: daemon to balance interrupts for SMP systems...
         Starting LSB: VirtualBox Linux Additions...
         Starting LSB: Start/stop sysstat's sadc...
         Starting LSB: automatic crash report generation...
         Starting LSB: Set the CPU Frequency Scaling governor to "ondemand"...
         Starting Permit User Sessions...
[[0;32m  OK  [0m] Started Login Service.
[[0;32m  OK  [0m] Started Permit User Sessions.
[[0;32m  OK  [0m] Started Authenticate and Authorize Users to Run Privileged Tasks.
[[0;32m  OK  [0m] Started Accounts Service.
[   23.403756] cloud-init[1026]: Cloud-init v. 17.1 running 'modules:config' at Wed, 16 May 2018 22:47:44 +0000. Up 22.97 seconds.
[[0;32m  OK  [0m] Started LSB: daemon to balance interrupts for SMP systems.
[[0;32m  OK  [0m] Started LSB: Start/stop sysstat's sadc.
[[0;32m  OK  [0m] Started LSB: automatic crash report generation.
         Starting Hold until boot process finishes up...
         Starting Terminate Plymouth Boot Screen...
[[0;32m  OK  [0m] Started Apply the settings specified in cloud-config.
[[0;32m  OK  [0m] Started LSB: VirtualBox Linux Additions.
[[0;32m  OK  [0m] Started LSB: Set the CPU Frequency Scaling governor to "ondemand".
[[0;32m  OK  [0m] Started Hold until boot process finishes up.
[[0;32m  OK  [0m] Started Terminate Plymouth Boot Screen.
[[0;32m  OK  [0m] Started Serial Getty on ttyS0.
[[0;32m  OK  [0m] Started Getty on tty1.
[[0;32m  OK  [0m] Reached target Login Prompts.
         Starting Set console scheme...
[[0;32m  OK  [0m] Started Set console scheme.
[[0;32m  OK  [0m] Created slice User Slice of ubuntu.
         Starting User Manager for UID 1000...
[[0;32m  OK  [0m] Started Session 1 of user ubuntu.
[[0;32m  OK  [0m] Started User Manager for UID 1000.
[[0;32m  OK  [0m] Started MySQL Community Server.
[[0;32m  OK  [0m] Started PostgreSQL Cluster 9.5-main.
         Starting PostgreSQL RDBMS...
[[0;32m  OK  [0m] Started PostgreSQL RDBMS.
[[0;32m  OK  [0m] Reached target Multi-User System.
         Starting Execute cloud user/final scripts...
[[0;32m  OK  [0m] Reached target Graphical Interface.
         Starting Update UTMP about System Runlevel Changes...
[[0;32m  OK  [0m] Started Update UTMP about System Runlevel Changes.
[   25.980003] cloud-init[1341]: Cloud-init v. 17.1 running 'modules:final' at Wed, 16 May 2018 22:47:47 +0000. Up 25.71 seconds.
[   25.994227] cloud-init[1341]: Cloud-init v. 17.1 finished at Wed, 16 May 2018 22:47:47 +0000. Datasource DataSourceNoCloud [seed=/dev/sdb][dsmode=net].  Up 25.96 seconds
[[0;32m  OK  [0m] Started Execute cloud user/final scripts.
[[0;32m  OK  [0m] Reached target Cloud-init target.

Ubuntu 16.04.3 LTS ubuntu-xenial ttyS0

ubuntu-xenial login: 